// Jest Snapshot v1, https://goo.gl/fbAQLP

exports[`RootRouter Should render correctly 1`] = `
<Suspense
  fallback={<div />}
>
  <BrowserRouter>
    <Switch>
      <Route
        exact={true}
        path="/"
        render={[Function]}
      />
      <Route
        render={[Function]}
      />
    </Switch>
  </BrowserRouter>
</Suspense>
`;

exports[`RootRouter renderHomeComponent should render correctly 1`] = `
<UNDEFINED
  dumValue="dumValue"
/>
`;
